// Jest Snapshot v1, https://goo.gl/fbAQLP

exports[`Tabs component 
  activeIndex: 0, onTabChange: "[Function]", withSeparator: false
 1`] = `
<DocumentFragment>
  <div
    class="TabsWrapper"
    data-test="DesignSystem-Tabs"
  >
    <div
      class="TabsWrapper-header"
    >
      <div
        class="Tab align-items-center Tab--active Tab-selected"
        data-test="DesignSystem-Tabs--Tab"
        tabindex="0"
      >
        <span
          class="Pills Badge--primary Tab-pills"
          data-test="DesignSystem-Tabs--Pills"
        >
          10
        </span>
        <span
          class="Text Text--link Text--regular Tab-selected"
          data-test="DesignSystem-Tabs--Text"
        >
          Tab 1
        </span>
        <i
          class="material-icons material-icons-round Icon Icon--info DismissibleTab-icon--right cursor-pointer Tab-selected"
          data-test="DesignSystem-DismissibleTabs--Icon"
          role="button"
          style="font-size: 16px; width: 16px;"
          tabindex="0"
        >
          clear_round
        </i>
      </div>
      <div
        class="Tab align-items-center"
        data-test="DesignSystem-Tabs--Tab"
        tabindex="-1"
      >
        <i
          class="material-icons material-icons-round Icon Icon--subtle mr-4 "
          data-test="DesignSystem-Tabs--Icon"
          role="button"
          style="font-size: 16px; width: 16px;"
        >
          call_received_round
        </i>
        <span
          class="Text Text--subtle Text--regular"
          data-test="DesignSystem-Tabs--Text"
        >
          Tab 2
        </span>
      </div>
      <div
        class="Tab align-items-center Tab--disabled"
        data-test="DesignSystem-Tabs--Tab"
        tabindex="-1"
      >
        <span
          class="Pills Badge--secondary Tab-pills Tab-pills--disabled"
          data-test="DesignSystem-Tabs--Pills"
        >
          10
        </span>
        <span
          class="Text Text--disabled Text--regular"
          data-test="DesignSystem-Tabs--Text"
        >
          Tab 3
        </span>
      </div>
    </div>
  </div>
</DocumentFragment>
`;

exports[`Tabs component 
  activeIndex: 0, onTabChange: "[Function]", withSeparator: true
 1`] = `
<DocumentFragment>
  <div
    class="TabsWrapper"
    data-test="DesignSystem-Tabs"
  >
    <div
      class="TabsWrapper-header TabsWrapper-header--withSeparator"
    >
      <div
        class="Tab align-items-center Tab--active Tab-selected"
        data-test="DesignSystem-Tabs--Tab"
        tabindex="0"
      >
        <span
          class="Pills Badge--primary Tab-pills"
          data-test="DesignSystem-Tabs--Pills"
        >
          10
        </span>
        <span
          class="Text Text--link Text--regular Tab-selected"
          data-test="DesignSystem-Tabs--Text"
        >
          Tab 1
        </span>
        <i
          class="material-icons material-icons-round Icon Icon--info DismissibleTab-icon--right cursor-pointer Tab-selected"
          data-test="DesignSystem-DismissibleTabs--Icon"
          role="button"
          style="font-size: 16px; width: 16px;"
          tabindex="0"
        >
          clear_round
        </i>
      </div>
      <div
        class="Tab align-items-center"
        data-test="DesignSystem-Tabs--Tab"
        tabindex="-1"
      >
        <i
          class="material-icons material-icons-round Icon Icon--subtle mr-4 "
          data-test="DesignSystem-Tabs--Icon"
          role="button"
          style="font-size: 16px; width: 16px;"
        >
          call_received_round
        </i>
        <span
          class="Text Text--subtle Text--regular"
          data-test="DesignSystem-Tabs--Text"
        >
          Tab 2
        </span>
      </div>
      <div
        class="Tab align-items-center Tab--disabled"
        data-test="DesignSystem-Tabs--Tab"
        tabindex="-1"
      >
        <span
          class="Pills Badge--secondary Tab-pills Tab-pills--disabled"
          data-test="DesignSystem-Tabs--Pills"
        >
          10
        </span>
        <span
          class="Text Text--disabled Text--regular"
          data-test="DesignSystem-Tabs--Text"
        >
          Tab 3
        </span>
      </div>
    </div>
  </div>
</DocumentFragment>
`;
